Copyright 1986-2022 Xilinx, Inc. All Rights Reserved. Copyright 2022-2025 Advanced Micro Devices, Inc. All Rights Reserved.
---------------------------------------------------------------------------------------------------------------------------------------------------------------------------------------------------------------------
| Tool Version : Vivado v.2025.2 (win64) Build 6299465 Fri Nov 14 19:35:11 GMT 2025
| Date         : Sun May 10 15:00:05 2026
| Host         : Samridh running 64-bit major release  (build 9200)
| Command      : report_timing_summary -max_paths 10 -routable_nets -report_unconstrained -file top_timing_summary_routed.rpt -pb top_timing_summary_routed.pb -rpx top_timing_summary_routed.rpx -warn_on_violation
| Design       : top
| Device       : 7a100t-csg324
| Speed File   : -1  PRODUCTION 1.23 2018-06-13
| Design State : Routed
---------------------------------------------------------------------------------------------------------------------------------------------------------------------------------------------------------------------

Timing Summary Report

------------------------------------------------------------------------------------------------
| Timer Settings
| --------------
------------------------------------------------------------------------------------------------

  Enable Multi Corner Analysis               :  Yes
  Enable Pessimism Removal                   :  Yes
  Pessimism Removal Resolution               :  Nearest Common Node
  Enable Input Delay Default Clock           :  No
  Enable Preset / Clear Arcs                 :  No
  Disable Flight Delays                      :  No
  Ignore I/O Paths                           :  No
  Timing Early Launch at Borrowing Latches   :  No
  Borrow Time for Max Delay Exceptions       :  Yes
  Merge Timing Exceptions                    :  Yes
  Inter-SLR Compensation                     :  Conservative

  Corner  Analyze    Analyze    
  Name    Max Paths  Min Paths  
  ------  ---------  ---------  
  Slow    Yes        Yes        
  Fast    Yes        Yes        


------------------------------------------------------------------------------------------------
| Report Methodology
| ------------------
------------------------------------------------------------------------------------------------

Rule       Severity          Description                  Violations  
---------  ----------------  ---------------------------  ----------  
TIMING-17  Critical Warning  Non-clocked sequential cell  93          

Note: This report is based on the most recent report_methodology run and may not be up-to-date. Run report_methodology on the current design for the latest report.



check_timing report

Table of Contents
-----------------
1. checking no_clock (93)
2. checking constant_clock (0)
3. checking pulse_width_clock (0)
4. checking unconstrained_internal_endpoints (160)
5. checking no_input_delay (2)
6. checking no_output_delay (16)
7. checking multiple_clock (0)
8. checking generated_clocks (0)
9. checking loops (0)
10. checking partial_input_delay (0)
11. checking partial_output_delay (0)
12. checking latch_loops (0)

1. checking no_clock (93)
-------------------------
 There are 33 register/latch pins with no clock driven by root clock pin: CLK100MHZ (HIGH)

 There are 31 register/latch pins with no clock driven by root clock pin: cd/count_reg[1]/Q (HIGH)

 There are 13 register/latch pins with no clock driven by root clock pin: keyboard/debounce/O0_reg/Q (HIGH)

 There are 16 register/latch pins with no clock driven by root clock pin: keyboard/flag_reg/Q (HIGH)


2. checking constant_clock (0)
------------------------------
 There are 0 register/latch pins with constant_clock.


3. checking pulse_width_clock (0)
---------------------------------
 There are 0 register/latch pins which need pulse_width check


4. checking unconstrained_internal_endpoints (160)
--------------------------------------------------
 There are 160 pins that are not constrained for maximum delay. (HIGH)

 There are 0 pins that are not constrained for maximum delay due to constant clock.


5. checking no_input_delay (2)
------------------------------
 There are 2 input ports with no input delay specified. (HIGH)

 There are 0 input ports with no input delay but user has a false path constraint.


6. checking no_output_delay (16)
--------------------------------
 There are 16 ports with no output delay specified. (HIGH)

 There are 0 ports with no output delay but user has a false path constraint

 There are 0 ports with no output delay but with a timing clock defined on it or propagating through it


7. checking multiple_clock (0)
------------------------------
 There are 0 register/latch pins with multiple clocks.


8. checking generated_clocks (0)
--------------------------------
 There are 0 generated clocks that are not connected to a clock source.


9. checking loops (0)
---------------------
 There are 0 combinational loops in the design.


10. checking partial_input_delay (0)
------------------------------------
 There are 0 input ports with partial input delay specified.


11. checking partial_output_delay (0)
-------------------------------------
 There are 0 ports with partial output delay specified.


12. checking latch_loops (0)
----------------------------
 There are 0 combinational latch loops in the design through latch input



------------------------------------------------------------------------------------------------
| Design Timing Summary
| ---------------------
------------------------------------------------------------------------------------------------

    WNS(ns)      TNS(ns)  TNS Failing Endpoints  TNS Total Endpoints      WHS(ns)      THS(ns)  THS Failing Endpoints  THS Total Endpoints     WPWS(ns)     TPWS(ns)  TPWS Failing Endpoints  TPWS Total Endpoints  
    -------      -------  ---------------------  -------------------      -------      -------  ---------------------  -------------------     --------     --------  ----------------------  --------------------  
        inf        0.000                      0                  176          inf        0.000                      0                  176           NA           NA                      NA                    NA  


There are no user specified timing constraints.


------------------------------------------------------------------------------------------------
| Clock Summary
| -------------
------------------------------------------------------------------------------------------------


------------------------------------------------------------------------------------------------
| Intra Clock Table
| -----------------
------------------------------------------------------------------------------------------------

Clock             WNS(ns)      TNS(ns)  TNS Failing Endpoints  TNS Total Endpoints      WHS(ns)      THS(ns)  THS Failing Endpoints  THS Total Endpoints     WPWS(ns)     TPWS(ns)  TPWS Failing Endpoints  TPWS Total Endpoints  
-----             -------      -------  ---------------------  -------------------      -------      -------  ---------------------  -------------------     --------     --------  ----------------------  --------------------  


------------------------------------------------------------------------------------------------
| Inter Clock Table
| -----------------
------------------------------------------------------------------------------------------------

From Clock    To Clock          WNS(ns)      TNS(ns)  TNS Failing Endpoints  TNS Total Endpoints      WHS(ns)      THS(ns)  THS Failing Endpoints  THS Total Endpoints  
----------    --------          -------      -------  ---------------------  -------------------      -------      -------  ---------------------  -------------------  


------------------------------------------------------------------------------------------------
| Other Path Groups Table
| -----------------------
------------------------------------------------------------------------------------------------

Path Group    From Clock    To Clock          WNS(ns)      TNS(ns)  TNS Failing Endpoints  TNS Total Endpoints      WHS(ns)      THS(ns)  THS Failing Endpoints  THS Total Endpoints  
----------    ----------    --------          -------      -------  ---------------------  -------------------      -------      -------  ---------------------  -------------------  


------------------------------------------------------------------------------------------------
| User Ignored Path Table
| -----------------------
------------------------------------------------------------------------------------------------

Path Group    From Clock    To Clock    
----------    ----------    --------    


------------------------------------------------------------------------------------------------
| Unconstrained Path Table
| ------------------------
------------------------------------------------------------------------------------------------

Path Group    From Clock    To Clock    
----------    ----------    --------    
(none)                                    


------------------------------------------------------------------------------------------------
| Timing Details
| --------------
------------------------------------------------------------------------------------------------


--------------------------------------------------------------------------------------
Path Group:  (none)
From Clock:  
  To Clock:  

Max Delay           176 Endpoints
Min Delay           176 Endpoints
--------------------------------------------------------------------------------------


Max Delay Paths
--------------------------------------------------------------------------------------
Slack:                    inf
  Source:                 sync_unit/y_reg[4]/C
                            (rising edge-triggered cell FDRE)
  Destination:            VGA_G[0]
                            (output port)
  Path Group:             (none)
  Path Type:              Max at Slow Process Corner
  Data Path Delay:        13.042ns  (logic 4.658ns (35.717%)  route 8.384ns (64.283%))
  Logic Levels:           5  (FDRE=1 LUT4=2 LUT6=1 OBUF=1)

    Location             Delay type                Incr(ns)  Path(ns)    Netlist Resource(s)
  -------------------------------------------------------------------    -------------------
    SLICE_X6Y128         FDRE                         0.000     0.000 r  sync_unit/y_reg[4]/C
    SLICE_X6Y128         FDRE (Prop_fdre_C_Q)         0.518     0.518 f  sync_unit/y_reg[4]/Q
                         net (fo=9, routed)           1.148     1.666    sync_unit/y[4]
    SLICE_X3Y129         LUT4 (Prop_lut4_I1_O)        0.152     1.818 f  sync_unit/VGA_R_OBUF[3]_inst_i_6/O
                         net (fo=1, routed)           0.436     2.255    sync_unit/VGA_R_OBUF[3]_inst_i_6_n_0
    SLICE_X3Y129         LUT4 (Prop_lut4_I3_O)        0.326     2.581 r  sync_unit/VGA_R_OBUF[3]_inst_i_4/O
                         net (fo=1, routed)           0.806     3.387    sync_unit/VGA_R_OBUF[3]_inst_i_4_n_0
    SLICE_X3Y130         LUT6 (Prop_lut6_I5_O)        0.124     3.511 r  sync_unit/VGA_R_OBUF[3]_inst_i_1/O
                         net (fo=12, routed)          5.993     9.504    VGA_B_OBUF[0]
    C6                   OBUF (Prop_obuf_I_O)         3.538    13.042 r  VGA_G_OBUF[0]_inst/O
                         net (fo=0)                   0.000    13.042    VGA_G[0]
    C6                                                                r  VGA_G[0] (OUT)
  -------------------------------------------------------------------    -------------------

Slack:                    inf
  Source:                 sync_unit/y_reg[4]/C
                            (rising edge-triggered cell FDRE)
  Destination:            VGA_R[2]
                            (output port)
  Path Group:             (none)
  Path Type:              Max at Slow Process Corner
  Data Path Delay:        12.898ns  (logic 4.655ns (36.092%)  route 8.243ns (63.908%))
  Logic Levels:           5  (FDRE=1 LUT4=2 LUT6=1 OBUF=1)

    Location             Delay type                Incr(ns)  Path(ns)    Netlist Resource(s)
  -------------------------------------------------------------------    -------------------
    SLICE_X6Y128         FDRE                         0.000     0.000 r  sync_unit/y_reg[4]/C
    SLICE_X6Y128         FDRE (Prop_fdre_C_Q)         0.518     0.518 f  sync_unit/y_reg[4]/Q
                         net (fo=9, routed)           1.148     1.666    sync_unit/y[4]
    SLICE_X3Y129         LUT4 (Prop_lut4_I1_O)        0.152     1.818 f  sync_unit/VGA_R_OBUF[3]_inst_i_6/O
                         net (fo=1, routed)           0.436     2.255    sync_unit/VGA_R_OBUF[3]_inst_i_6_n_0
    SLICE_X3Y129         LUT4 (Prop_lut4_I3_O)        0.326     2.581 r  sync_unit/VGA_R_OBUF[3]_inst_i_4/O
                         net (fo=1, routed)           0.806     3.387    sync_unit/VGA_R_OBUF[3]_inst_i_4_n_0
    SLICE_X3Y130         LUT6 (Prop_lut6_I5_O)        0.124     3.511 r  sync_unit/VGA_R_OBUF[3]_inst_i_1/O
                         net (fo=12, routed)          5.852     9.363    VGA_B_OBUF[0]
    C5                   OBUF (Prop_obuf_I_O)         3.535    12.898 r  VGA_R_OBUF[2]_inst/O
                         net (fo=0)                   0.000    12.898    VGA_R[2]
    C5                                                                r  VGA_R[2] (OUT)
  -------------------------------------------------------------------    -------------------

Slack:                    inf
  Source:                 sync_unit/y_reg[4]/C
                            (rising edge-triggered cell FDRE)
  Destination:            VGA_B[0]
                            (output port)
  Path Group:             (none)
  Path Type:              Max at Slow Process Corner
  Data Path Delay:        12.759ns  (logic 4.667ns (36.578%)  route 8.092ns (63.422%))
  Logic Levels:           5  (FDRE=1 LUT4=2 LUT6=1 OBUF=1)

    Location             Delay type                Incr(ns)  Path(ns)    Netlist Resource(s)
  -------------------------------------------------------------------    -------------------
    SLICE_X6Y128         FDRE                         0.000     0.000 r  sync_unit/y_reg[4]/C
    SLICE_X6Y128         FDRE (Prop_fdre_C_Q)         0.518     0.518 f  sync_unit/y_reg[4]/Q
                         net (fo=9, routed)           1.148     1.666    sync_unit/y[4]
    SLICE_X3Y129         LUT4 (Prop_lut4_I1_O)        0.152     1.818 f  sync_unit/VGA_R_OBUF[3]_inst_i_6/O
                         net (fo=1, routed)           0.436     2.255    sync_unit/VGA_R_OBUF[3]_inst_i_6_n_0
    SLICE_X3Y129         LUT4 (Prop_lut4_I3_O)        0.326     2.581 r  sync_unit/VGA_R_OBUF[3]_inst_i_4/O
                         net (fo=1, routed)           0.806     3.387    sync_unit/VGA_R_OBUF[3]_inst_i_4_n_0
    SLICE_X3Y130         LUT6 (Prop_lut6_I5_O)        0.124     3.511 r  sync_unit/VGA_R_OBUF[3]_inst_i_1/O
                         net (fo=12, routed)          5.701     9.212    VGA_B_OBUF[0]
    B7                   OBUF (Prop_obuf_I_O)         3.547    12.759 r  VGA_B_OBUF[0]_inst/O
                         net (fo=0)                   0.000    12.759    VGA_B[0]
    B7                                                                r  VGA_B[0] (OUT)
  -------------------------------------------------------------------    -------------------

Slack:                    inf
  Source:                 sync_unit/y_reg[4]/C
                            (rising edge-triggered cell FDRE)
  Destination:            VGA_G[2]
                            (output port)
  Path Group:             (none)
  Path Type:              Max at Slow Process Corner
  Data Path Delay:        12.607ns  (logic 4.666ns (37.013%)  route 7.941ns (62.987%))
  Logic Levels:           5  (FDRE=1 LUT4=2 LUT6=1 OBUF=1)

    Location             Delay type                Incr(ns)  Path(ns)    Netlist Resource(s)
  -------------------------------------------------------------------    -------------------
    SLICE_X6Y128         FDRE                         0.000     0.000 r  sync_unit/y_reg[4]/C
    SLICE_X6Y128         FDRE (Prop_fdre_C_Q)         0.518     0.518 f  sync_unit/y_reg[4]/Q
                         net (fo=9, routed)           1.148     1.666    sync_unit/y[4]
    SLICE_X3Y129         LUT4 (Prop_lut4_I1_O)        0.152     1.818 f  sync_unit/VGA_R_OBUF[3]_inst_i_6/O
                         net (fo=1, routed)           0.436     2.255    sync_unit/VGA_R_OBUF[3]_inst_i_6_n_0
    SLICE_X3Y129         LUT4 (Prop_lut4_I3_O)        0.326     2.581 r  sync_unit/VGA_R_OBUF[3]_inst_i_4/O
                         net (fo=1, routed)           0.806     3.387    sync_unit/VGA_R_OBUF[3]_inst_i_4_n_0
    SLICE_X3Y130         LUT6 (Prop_lut6_I5_O)        0.124     3.511 r  sync_unit/VGA_R_OBUF[3]_inst_i_1/O
                         net (fo=12, routed)          5.550     9.061    VGA_B_OBUF[0]
    B6                   OBUF (Prop_obuf_I_O)         3.546    12.607 r  VGA_G_OBUF[2]_inst/O
                         net (fo=0)                   0.000    12.607    VGA_G[2]
    B6                                                                r  VGA_G[2] (OUT)
  -------------------------------------------------------------------    -------------------

Slack:                    inf
  Source:                 sync_unit/y_reg[4]/C
                            (rising edge-triggered cell FDRE)
  Destination:            VGA_G[3]
                            (output port)
  Path Group:             (none)
  Path Type:              Max at Slow Process Corner
  Data Path Delay:        12.457ns  (logic 4.666ns (37.462%)  route 7.790ns (62.538%))
  Logic Levels:           5  (FDRE=1 LUT4=2 LUT6=1 OBUF=1)

    Location             Delay type                Incr(ns)  Path(ns)    Netlist Resource(s)
  -------------------------------------------------------------------    -------------------
    SLICE_X6Y128         FDRE                         0.000     0.000 r  sync_unit/y_reg[4]/C
    SLICE_X6Y128         FDRE (Prop_fdre_C_Q)         0.518     0.518 f  sync_unit/y_reg[4]/Q
                         net (fo=9, routed)           1.148     1.666    sync_unit/y[4]
    SLICE_X3Y129         LUT4 (Prop_lut4_I1_O)        0.152     1.818 f  sync_unit/VGA_R_OBUF[3]_inst_i_6/O
                         net (fo=1, routed)           0.436     2.255    sync_unit/VGA_R_OBUF[3]_inst_i_6_n_0
    SLICE_X3Y129         LUT4 (Prop_lut4_I3_O)        0.326     2.581 r  sync_unit/VGA_R_OBUF[3]_inst_i_4/O
                         net (fo=1, routed)           0.806     3.387    sync_unit/VGA_R_OBUF[3]_inst_i_4_n_0
    SLICE_X3Y130         LUT6 (Prop_lut6_I5_O)        0.124     3.511 r  sync_unit/VGA_R_OBUF[3]_inst_i_1/O
                         net (fo=12, routed)          5.399     8.910    VGA_B_OBUF[0]
    A6                   OBUF (Prop_obuf_I_O)         3.546    12.457 r  VGA_G_OBUF[3]_inst/O
                         net (fo=0)                   0.000    12.457    VGA_G[3]
    A6                                                                r  VGA_G[3] (OUT)
  -------------------------------------------------------------------    -------------------

Slack:                    inf
  Source:                 sync_unit/y_reg[4]/C
                            (rising edge-triggered cell FDRE)
  Destination:            VGA_G[1]
                            (output port)
  Path Group:             (none)
  Path Type:              Max at Slow Process Corner
  Data Path Delay:        12.304ns  (logic 4.665ns (37.912%)  route 7.639ns (62.088%))
  Logic Levels:           5  (FDRE=1 LUT4=2 LUT6=1 OBUF=1)

    Location             Delay type                Incr(ns)  Path(ns)    Netlist Resource(s)
  -------------------------------------------------------------------    -------------------
    SLICE_X6Y128         FDRE                         0.000     0.000 r  sync_unit/y_reg[4]/C
    SLICE_X6Y128         FDRE (Prop_fdre_C_Q)         0.518     0.518 f  sync_unit/y_reg[4]/Q
                         net (fo=9, routed)           1.148     1.666    sync_unit/y[4]
    SLICE_X3Y129         LUT4 (Prop_lut4_I1_O)        0.152     1.818 f  sync_unit/VGA_R_OBUF[3]_inst_i_6/O
                         net (fo=1, routed)           0.436     2.255    sync_unit/VGA_R_OBUF[3]_inst_i_6_n_0
    SLICE_X3Y129         LUT4 (Prop_lut4_I3_O)        0.326     2.581 r  sync_unit/VGA_R_OBUF[3]_inst_i_4/O
                         net (fo=1, routed)           0.806     3.387    sync_unit/VGA_R_OBUF[3]_inst_i_4_n_0
    SLICE_X3Y130         LUT6 (Prop_lut6_I5_O)        0.124     3.511 r  sync_unit/VGA_R_OBUF[3]_inst_i_1/O
                         net (fo=12, routed)          5.248     8.759    VGA_B_OBUF[0]
    A5                   OBUF (Prop_obuf_I_O)         3.545    12.304 r  VGA_G_OBUF[1]_inst/O
                         net (fo=0)                   0.000    12.304    VGA_G[1]
    A5                                                                r  VGA_G[1] (OUT)
  -------------------------------------------------------------------    -------------------

Slack:                    inf
  Source:                 sync_unit/y_reg[4]/C
                            (rising edge-triggered cell FDRE)
  Destination:            VGA_B[3]
                            (output port)
  Path Group:             (none)
  Path Type:              Max at Slow Process Corner
  Data Path Delay:        12.160ns  (logic 4.672ns (38.418%)  route 7.488ns (61.582%))
  Logic Levels:           5  (FDRE=1 LUT4=2 LUT6=1 OBUF=1)

    Location             Delay type                Incr(ns)  Path(ns)    Netlist Resource(s)
  -------------------------------------------------------------------    -------------------
    SLICE_X6Y128         FDRE                         0.000     0.000 r  sync_unit/y_reg[4]/C
    SLICE_X6Y128         FDRE (Prop_fdre_C_Q)         0.518     0.518 f  sync_unit/y_reg[4]/Q
                         net (fo=9, routed)           1.148     1.666    sync_unit/y[4]
    SLICE_X3Y129         LUT4 (Prop_lut4_I1_O)        0.152     1.818 f  sync_unit/VGA_R_OBUF[3]_inst_i_6/O
                         net (fo=1, routed)           0.436     2.255    sync_unit/VGA_R_OBUF[3]_inst_i_6_n_0
    SLICE_X3Y129         LUT4 (Prop_lut4_I3_O)        0.326     2.581 r  sync_unit/VGA_R_OBUF[3]_inst_i_4/O
                         net (fo=1, routed)           0.806     3.387    sync_unit/VGA_R_OBUF[3]_inst_i_4_n_0
    SLICE_X3Y130         LUT6 (Prop_lut6_I5_O)        0.124     3.511 r  sync_unit/VGA_R_OBUF[3]_inst_i_1/O
                         net (fo=12, routed)          5.097     8.608    VGA_B_OBUF[0]
    D8                   OBUF (Prop_obuf_I_O)         3.552    12.160 r  VGA_B_OBUF[3]_inst/O
                         net (fo=0)                   0.000    12.160    VGA_B[3]
    D8                                                                r  VGA_B[3] (OUT)
  -------------------------------------------------------------------    -------------------

Slack:                    inf
  Source:                 sync_unit/y_reg[4]/C
                            (rising edge-triggered cell FDRE)
  Destination:            VGA_B[1]
                            (output port)
  Path Group:             (none)
  Path Type:              Max at Slow Process Corner
  Data Path Delay:        12.009ns  (logic 4.671ns (38.899%)  route 7.337ns (61.101%))
  Logic Levels:           5  (FDRE=1 LUT4=2 LUT6=1 OBUF=1)

    Location             Delay type                Incr(ns)  Path(ns)    Netlist Resource(s)
  -------------------------------------------------------------------    -------------------
    SLICE_X6Y128         FDRE                         0.000     0.000 r  sync_unit/y_reg[4]/C
    SLICE_X6Y128         FDRE (Prop_fdre_C_Q)         0.518     0.518 f  sync_unit/y_reg[4]/Q
                         net (fo=9, routed)           1.148     1.666    sync_unit/y[4]
    SLICE_X3Y129         LUT4 (Prop_lut4_I1_O)        0.152     1.818 f  sync_unit/VGA_R_OBUF[3]_inst_i_6/O
                         net (fo=1, routed)           0.436     2.255    sync_unit/VGA_R_OBUF[3]_inst_i_6_n_0
    SLICE_X3Y129         LUT4 (Prop_lut4_I3_O)        0.326     2.581 r  sync_unit/VGA_R_OBUF[3]_inst_i_4/O
                         net (fo=1, routed)           0.806     3.387    sync_unit/VGA_R_OBUF[3]_inst_i_4_n_0
    SLICE_X3Y130         LUT6 (Prop_lut6_I5_O)        0.124     3.511 r  sync_unit/VGA_R_OBUF[3]_inst_i_1/O
                         net (fo=12, routed)          4.947     8.457    VGA_B_OBUF[0]
    C7                   OBUF (Prop_obuf_I_O)         3.551    12.009 r  VGA_B_OBUF[1]_inst/O
                         net (fo=0)                   0.000    12.009    VGA_B[1]
    C7                                                                r  VGA_B[1] (OUT)
  -------------------------------------------------------------------    -------------------

Slack:                    inf
  Source:                 sync_unit/y_reg[4]/C
                            (rising edge-triggered cell FDRE)
  Destination:            VGA_B[2]
                            (output port)
  Path Group:             (none)
  Path Type:              Max at Slow Process Corner
  Data Path Delay:        11.687ns  (logic 4.643ns (39.730%)  route 7.044ns (60.270%))
  Logic Levels:           5  (FDRE=1 LUT4=2 LUT6=1 OBUF=1)

    Location             Delay type                Incr(ns)  Path(ns)    Netlist Resource(s)
  -------------------------------------------------------------------    -------------------
    SLICE_X6Y128         FDRE                         0.000     0.000 r  sync_unit/y_reg[4]/C
    SLICE_X6Y128         FDRE (Prop_fdre_C_Q)         0.518     0.518 f  sync_unit/y_reg[4]/Q
                         net (fo=9, routed)           1.148     1.666    sync_unit/y[4]
    SLICE_X3Y129         LUT4 (Prop_lut4_I1_O)        0.152     1.818 f  sync_unit/VGA_R_OBUF[3]_inst_i_6/O
                         net (fo=1, routed)           0.436     2.255    sync_unit/VGA_R_OBUF[3]_inst_i_6_n_0
    SLICE_X3Y129         LUT4 (Prop_lut4_I3_O)        0.326     2.581 r  sync_unit/VGA_R_OBUF[3]_inst_i_4/O
                         net (fo=1, routed)           0.806     3.387    sync_unit/VGA_R_OBUF[3]_inst_i_4_n_0
    SLICE_X3Y130         LUT6 (Prop_lut6_I5_O)        0.124     3.511 r  sync_unit/VGA_R_OBUF[3]_inst_i_1/O
                         net (fo=12, routed)          4.653     8.164    VGA_B_OBUF[0]
    D7                   OBUF (Prop_obuf_I_O)         3.523    11.687 r  VGA_B_OBUF[2]_inst/O
                         net (fo=0)                   0.000    11.687    VGA_B[2]
    D7                                                                r  VGA_B[2] (OUT)
  -------------------------------------------------------------------    -------------------

Slack:                    inf
  Source:                 sync_unit/y_reg[4]/C
                            (rising edge-triggered cell FDRE)
  Destination:            VGA_R[1]
                            (output port)
  Path Group:             (none)
  Path Type:              Max at Slow Process Corner
  Data Path Delay:        11.561ns  (logic 4.668ns (40.380%)  route 6.893ns (59.620%))
  Logic Levels:           5  (FDRE=1 LUT4=2 LUT6=1 OBUF=1)

    Location             Delay type                Incr(ns)  Path(ns)    Netlist Resource(s)
  -------------------------------------------------------------------    -------------------
    SLICE_X6Y128         FDRE                         0.000     0.000 r  sync_unit/y_reg[4]/C
    SLICE_X6Y128         FDRE (Prop_fdre_C_Q)         0.518     0.518 f  sync_unit/y_reg[4]/Q
                         net (fo=9, routed)           1.148     1.666    sync_unit/y[4]
    SLICE_X3Y129         LUT4 (Prop_lut4_I1_O)        0.152     1.818 f  sync_unit/VGA_R_OBUF[3]_inst_i_6/O
                         net (fo=1, routed)           0.436     2.255    sync_unit/VGA_R_OBUF[3]_inst_i_6_n_0
    SLICE_X3Y129         LUT4 (Prop_lut4_I3_O)        0.326     2.581 r  sync_unit/VGA_R_OBUF[3]_inst_i_4/O
                         net (fo=1, routed)           0.806     3.387    sync_unit/VGA_R_OBUF[3]_inst_i_4_n_0
    SLICE_X3Y130         LUT6 (Prop_lut6_I5_O)        0.124     3.511 r  sync_unit/VGA_R_OBUF[3]_inst_i_1/O
                         net (fo=12, routed)          4.502     8.013    VGA_B_OBUF[0]
    B4                   OBUF (Prop_obuf_I_O)         3.548    11.561 r  VGA_R_OBUF[1]_inst/O
                         net (fo=0)                   0.000    11.561    VGA_R[1]
    B4                                                                r  VGA_R[1] (OUT)
  -------------------------------------------------------------------    -------------------





Min Delay Paths
--------------------------------------------------------------------------------------
Slack:                    inf
  Source:                 keyboard/datacur_reg[7]/C
                            (rising edge-triggered cell FDRE)
  Destination:            keyboard/keycode_reg[7]/D
  Path Group:             (none)
  Path Type:              Min at Fast Process Corner
  Data Path Delay:        0.268ns  (logic 0.146ns (54.481%)  route 0.122ns (45.519%))
  Logic Levels:           1  (FDRE=1)

    Location             Delay type                Incr(ns)  Path(ns)    Netlist Resource(s)
  -------------------------------------------------------------------    -------------------
    SLICE_X7Y127         FDRE                         0.000     0.000 r  keyboard/datacur_reg[7]/C
    SLICE_X7Y127         FDRE (Prop_fdre_C_Q)         0.146     0.146 r  keyboard/datacur_reg[7]/Q
                         net (fo=4, routed)           0.122     0.268    keyboard/datacur[7]
    SLICE_X5Y127         FDRE                                         r  keyboard/keycode_reg[7]/D
  -------------------------------------------------------------------    -------------------

Slack:                    inf
  Source:                 keyboard/datacur_reg[4]/C
                            (rising edge-triggered cell FDRE)
  Destination:            keyboard/dataprev_reg[4]/D
  Path Group:             (none)
  Path Type:              Min at Fast Process Corner
  Data Path Delay:        0.277ns  (logic 0.146ns (52.710%)  route 0.131ns (47.290%))
  Logic Levels:           1  (FDRE=1)

    Location             Delay type                Incr(ns)  Path(ns)    Netlist Resource(s)
  -------------------------------------------------------------------    -------------------
    SLICE_X5Y126         FDRE                         0.000     0.000 r  keyboard/datacur_reg[4]/C
    SLICE_X5Y126         FDRE (Prop_fdre_C_Q)         0.146     0.146 r  keyboard/datacur_reg[4]/Q
                         net (fo=4, routed)           0.131     0.277    keyboard/datacur[4]
    SLICE_X4Y127         FDRE                                         r  keyboard/dataprev_reg[4]/D
  -------------------------------------------------------------------    -------------------

Slack:                    inf
  Source:                 sync_unit/x_reg[2]/C
                            (rising edge-triggered cell FDRE)
  Destination:            sync_unit/x_reg[6]/D
  Path Group:             (none)
  Path Type:              Min at Fast Process Corner
  Data Path Delay:        0.306ns  (logic 0.186ns (60.767%)  route 0.120ns (39.233%))
  Logic Levels:           2  (FDRE=1 LUT6=1)

    Location             Delay type                Incr(ns)  Path(ns)    Netlist Resource(s)
  -------------------------------------------------------------------    -------------------
    SLICE_X0Y131         FDRE                         0.000     0.000 r  sync_unit/x_reg[2]/C
    SLICE_X0Y131         FDRE (Prop_fdre_C_Q)         0.141     0.141 r  sync_unit/x_reg[2]/Q
                         net (fo=10, routed)          0.120     0.261    sync_unit/x_reg[2]_0[2]
    SLICE_X1Y131         LUT6 (Prop_lut6_I3_O)        0.045     0.306 r  sync_unit/x[6]_i_1/O
                         net (fo=1, routed)           0.000     0.306    sync_unit/p_1_in[6]
    SLICE_X1Y131         FDRE                                         r  sync_unit/x_reg[6]/D
  -------------------------------------------------------------------    -------------------

Slack:                    inf
  Source:                 keyboard/datacur_reg[2]/C
                            (rising edge-triggered cell FDRE)
  Destination:            keyboard/keycode_reg[2]/D
  Path Group:             (none)
  Path Type:              Min at Fast Process Corner
  Data Path Delay:        0.306ns  (logic 0.146ns (47.689%)  route 0.160ns (52.311%))
  Logic Levels:           1  (FDRE=1)

    Location             Delay type                Incr(ns)  Path(ns)    Netlist Resource(s)
  -------------------------------------------------------------------    -------------------
    SLICE_X5Y126         FDRE                         0.000     0.000 r  keyboard/datacur_reg[2]/C
    SLICE_X5Y126         FDRE (Prop_fdre_C_Q)         0.146     0.146 r  keyboard/datacur_reg[2]/Q
                         net (fo=4, routed)           0.160     0.306    keyboard/datacur[2]
    SLICE_X5Y127         FDRE                                         r  keyboard/keycode_reg[2]/D
  -------------------------------------------------------------------    -------------------

Slack:                    inf
  Source:                 keyboard/datacur_reg[5]/C
                            (rising edge-triggered cell FDRE)
  Destination:            keyboard/dataprev_reg[5]/D
  Path Group:             (none)
  Path Type:              Min at Fast Process Corner
  Data Path Delay:        0.329ns  (logic 0.146ns (44.402%)  route 0.183ns (55.598%))
  Logic Levels:           1  (FDRE=1)

    Location             Delay type                Incr(ns)  Path(ns)    Netlist Resource(s)
  -------------------------------------------------------------------    -------------------
    SLICE_X7Y127         FDRE                         0.000     0.000 r  keyboard/datacur_reg[5]/C
    SLICE_X7Y127         FDRE (Prop_fdre_C_Q)         0.146     0.146 r  keyboard/datacur_reg[5]/Q
                         net (fo=4, routed)           0.183     0.329    keyboard/datacur[5]
    SLICE_X4Y127         FDRE                                         r  keyboard/dataprev_reg[5]/D
  -------------------------------------------------------------------    -------------------

Slack:                    inf
  Source:                 keyboard/datacur_reg[5]/C
                            (rising edge-triggered cell FDRE)
  Destination:            keyboard/keycode_reg[5]/D
  Path Group:             (none)
  Path Type:              Min at Fast Process Corner
  Data Path Delay:        0.331ns  (logic 0.146ns (44.045%)  route 0.185ns (55.955%))
  Logic Levels:           1  (FDRE=1)

    Location             Delay type                Incr(ns)  Path(ns)    Netlist Resource(s)
  -------------------------------------------------------------------    -------------------
    SLICE_X7Y127         FDRE                         0.000     0.000 r  keyboard/datacur_reg[5]/C
    SLICE_X7Y127         FDRE (Prop_fdre_C_Q)         0.146     0.146 r  keyboard/datacur_reg[5]/Q
                         net (fo=4, routed)           0.185     0.331    keyboard/datacur[5]
    SLICE_X5Y127         FDRE                                         r  keyboard/keycode_reg[5]/D
  -------------------------------------------------------------------    -------------------

Slack:                    inf
  Source:                 keyboard/datacur_reg[4]/C
                            (rising edge-triggered cell FDRE)
  Destination:            keyboard/keycode_reg[4]/D
  Path Group:             (none)
  Path Type:              Min at Fast Process Corner
  Data Path Delay:        0.339ns  (logic 0.146ns (43.081%)  route 0.193ns (56.919%))
  Logic Levels:           1  (FDRE=1)

    Location             Delay type                Incr(ns)  Path(ns)    Netlist Resource(s)
  -------------------------------------------------------------------    -------------------
    SLICE_X5Y126         FDRE                         0.000     0.000 r  keyboard/datacur_reg[4]/C
    SLICE_X5Y126         FDRE (Prop_fdre_C_Q)         0.146     0.146 r  keyboard/datacur_reg[4]/Q
                         net (fo=4, routed)           0.193     0.339    keyboard/datacur[4]
    SLICE_X5Y127         FDRE                                         r  keyboard/keycode_reg[4]/D
  -------------------------------------------------------------------    -------------------

Slack:                    inf
  Source:                 keyboard/cnt_reg[0]/C
                            (rising edge-triggered cell FDRE)
  Destination:            keyboard/datacur_reg[7]/D
  Path Group:             (none)
  Path Type:              Min at Fast Process Corner
  Data Path Delay:        0.342ns  (logic 0.212ns (62.064%)  route 0.130ns (37.936%))
  Logic Levels:           2  (FDRE=1 LUT6=1)

    Location             Delay type                Incr(ns)  Path(ns)    Netlist Resource(s)
  -------------------------------------------------------------------    -------------------
    SLICE_X6Y127         FDRE                         0.000     0.000 r  keyboard/cnt_reg[0]/C
    SLICE_X6Y127         FDRE (Prop_fdre_C_Q)         0.167     0.167 r  keyboard/cnt_reg[0]/Q
                         net (fo=15, routed)          0.130     0.297    keyboard/cnt_reg[0]
    SLICE_X7Y127         LUT6 (Prop_lut6_I4_O)        0.045     0.342 r  keyboard/datacur[7]_i_1/O
                         net (fo=1, routed)           0.000     0.342    keyboard/datacur[7]_i_1_n_0
    SLICE_X7Y127         FDRE                                         r  keyboard/datacur_reg[7]/D
  -------------------------------------------------------------------    -------------------

Slack:                    inf
  Source:                 player_x_reg[3]/C
                            (rising edge-triggered cell FDRE)
  Destination:            player_x_reg[4]/D
  Path Group:             (none)
  Path Type:              Min at Fast Process Corner
  Data Path Delay:        0.347ns  (logic 0.268ns (77.203%)  route 0.079ns (22.797%))
  Logic Levels:           2  (CARRY4=1 FDRE=1)

    Location             Delay type                Incr(ns)  Path(ns)    Netlist Resource(s)
  -------------------------------------------------------------------    -------------------
    SLICE_X5Y128         FDRE                         0.000     0.000 r  player_x_reg[3]/C
    SLICE_X5Y128         FDRE (Prop_fdre_C_Q)         0.141     0.141 r  player_x_reg[3]/Q
                         net (fo=11, routed)          0.079     0.220    keyboard/Q[3]
    SLICE_X5Y128         CARRY4 (Prop_carry4_DI[2]_O[3])
                                                      0.127     0.347 r  keyboard/player_x_reg[4]_i_1/O[3]
                         net (fo=1, routed)           0.000     0.347    keyboard_n_8
    SLICE_X5Y128         FDRE                                         r  player_x_reg[4]/D
  -------------------------------------------------------------------    -------------------

Slack:                    inf
  Source:                 sync_unit/y_reg[9]/C
                            (rising edge-triggered cell FDRE)
  Destination:            sync_unit/y_reg[9]/D
  Path Group:             (none)
  Path Type:              Min at Fast Process Corner
  Data Path Delay:        0.354ns  (logic 0.186ns (52.507%)  route 0.168ns (47.493%))
  Logic Levels:           2  (FDRE=1 LUT6=1)

    Location             Delay type                Incr(ns)  Path(ns)    Netlist Resource(s)
  -------------------------------------------------------------------    -------------------
    SLICE_X3Y128         FDRE                         0.000     0.000 r  sync_unit/y_reg[9]/C
    SLICE_X3Y128         FDRE (Prop_fdre_C_Q)         0.141     0.141 r  sync_unit/y_reg[9]/Q
                         net (fo=5, routed)           0.168     0.309    sync_unit/y[9]
    SLICE_X3Y128         LUT6 (Prop_lut6_I3_O)        0.045     0.354 r  sync_unit/y[9]_i_1/O
                         net (fo=1, routed)           0.000     0.354    sync_unit/y[9]_i_1_n_0
    SLICE_X3Y128         FDRE                                         r  sync_unit/y_reg[9]/D
  -------------------------------------------------------------------    -------------------





